


ARM Macro Assembler    Page 1 


    1 00000000                 AREA             kalmanFilter, CODE, READONLY
    2 00000000                 EXPORT           part1
    3 00000000         
    4 00000000         part1
    5 00000000 4770            BX               LR
    6 00000002                 END
Command Line: --debug --xref --diag_suppress=9931 --cpu=Cortex-M4.fp --apcs=int
erwork --depend=.\objects\kalmanfilter_asm.d -o.\objects\kalmanfilter_asm.o -I\
\campus.mcgill.ca\emf\cpe\hali24\Desktop\microp\Lab1_STM32F4Cube_Base_project\R
TE -IC:\Keil_v5\ARM\PACK\ARM\CMSIS\5.0.0-Beta4\CMSIS\Include -IC:\Keil_v5\ARM\P
ACK\Keil\STM32F4xx_DFP\2.9.0\Drivers\CMSIS\Device\ST\STM32F4xx\Include --predef
ine="__EVAL SETA 1" --predefine="__UVISION_VERSION SETA 515" --predefine="_RTE_
 SETA 1" --predefine="STM32F407xx SETA 1" --list=.\listings\kalmanfilter_asm.ls
t Kalmanfilter_asm.s



ARM Macro Assembler    Page 1 Alphabetic symbol ordering
Relocatable symbols

kalmanFilter 00000000

Symbol: kalmanFilter
   Definitions
      At line 1 in file Kalmanfilter_asm.s
   Uses
      None
Comment: kalmanFilter unused
part1 00000000

Symbol: part1
   Definitions
      At line 4 in file Kalmanfilter_asm.s
   Uses
      At line 2 in file Kalmanfilter_asm.s
Comment: part1 used once
2 symbols
337 symbols in table
